
> eyouth-30909040102232-eventpulse@1.0.0 test
> jest --runInBand --forceExit

PASS tests/events.test.js
PASS tests/utils.test.js

Test Suites: 2 passed, 2 total
Tests:       9 passed, 9 total
Snapshots:   0 total
Time:        2.284 s, estimated 3 s
Ran all test suites.
Force exiting Jest: Have you considered using `--detectOpenHandles` to detect async operations that kept running after all tests finished?
